#-----------------------------------------------------------
# Vivado v2023.1 (64-bit)
# SW Build 3865809 on Sun May  7 15:04:56 MDT 2023
# IP Build 3864474 on Sun May  7 20:36:21 MDT 2023
# SharedData Build 3865790 on Sun May 07 13:33:03 MDT 2023
# Start of session at: Mon May 27 12:53:07 2024
# Process ID: 6003
# Current directory: /home/el-jid/Bureau/project_1
# Command line: vivado
# Log file: /home/el-jid/Bureau/project_1/vivado.log
# Journal file: /home/el-jid/Bureau/project_1/vivado.jou
# Running On: insa-20930, OS: Linux, CPU Frequency: 2150.968 MHz, CPU Physical cores: 6, Host memory: 16434 MB
#-----------------------------------------------------------
start_gui
project_1
open_project /home/el-jid/Bureau/project_1/project_1.xpr
reset_run synth_1
launch_runs synth_1 -jobs 6
wait_on_run synth_1
launch_simulation
source Instructions_memory_test.tcl
# Disabling source management mode.  This is to allow the top design properties to be set without GUI intervention.
set_property source_mgmt_mode None [current_project]
set_property top Data_memory_test [get_filesets sim_1]
set_property top_lib xil_defaultlib [get_filesets sim_1]
# Re-enabling previously disabled source management mode.
set_property source_mgmt_mode DisplayOnly [current_project]
reset_run synth_1
launch_runs synth_1 -jobs 6
wait_on_run synth_1
launch_simulation
source Data_memory_test.tcl
close_sim
launch_simulation
source Data_memory_test.tcl
# Disabling source management mode.  This is to allow the top design properties to be set without GUI intervention.
set_property source_mgmt_mode None [current_project]
set_property top Data_path_test [get_filesets sim_1]
set_property top_lib xil_defaultlib [get_filesets sim_1]
# Re-enabling previously disabled source management mode.
set_property source_mgmt_mode DisplayOnly [current_project]
reset_run synth_1
launch_runs synth_1 -jobs 6
wait_on_run synth_1
launch_simulation
source Data_path_test.tcl
reset_run synth_1
launch_runs synth_1 -jobs 6
wait_on_run synth_1
close_sim
launch_simulation
source Data_path_test.tcl
# Disabling source management mode.  This is to allow the top design properties to be set without GUI intervention.
set_property source_mgmt_mode None [current_project]
set_property top Instructions_memory [current_fileset]
# Re-enabling previously disabled source management mode.
set_property source_mgmt_mode DisplayOnly [current_project]
reset_run synth_1
launch_runs synth_1 -jobs 6
wait_on_run synth_1
close_sim
launch_simulation
source Data_path_test.tcl
save_wave_config {/home/el-jid/Bureau/project_1/Data_path_test_behav.wcfg}
add_files -fileset sim_1 -norecurse /home/el-jid/Bureau/project_1/Data_path_test_behav.wcfg
set_property xsim.view /home/el-jid/Bureau/project_1/Data_path_test_behav.wcfg [get_filesets sim_1]
# Disabling source management mode.  This is to allow the top design properties to be set without GUI intervention.
set_property source_mgmt_mode None [current_project]
set_property top Data_path [current_fileset]
# Re-enabling previously disabled source management mode.
set_property source_mgmt_mode DisplayOnly [current_project]
reset_run synth_1
launch_runs synth_1 -jobs 6
wait_on_run synth_1
close_sim
launch_simulation
open_wave_config /home/el-jid/Bureau/project_1/Data_path_test_behav.wcfg
source Data_path_test.tcl
reset_run synth_1
launch_runs synth_1 -jobs 6
wait_on_run synth_1
close_sim
launch_simulation
open_wave_config /home/el-jid/Bureau/project_1/Data_path_test_behav.wcfg
source Data_path_test.tcl
close_sim
reset_run synth_1
launch_runs synth_1 -jobs 6
wait_on_run synth_1
launch_simulation
open_wave_config /home/el-jid/Bureau/project_1/Data_path_test_behav.wcfg
source Data_path_test.tcl
current_wave_config {Data_path_test_behav.wcfg}
add_wave {{/Data_path_test/uut/Banc_registers/registers}} 
current_wave_config {Data_path_test_behav.wcfg}
add_wave {{/Data_path_test/uut/CLK}} 
save_wave_config {/home/el-jid/Bureau/project_1/Data_path_test_behav.wcfg}
close_sim
launch_simulation
open_wave_config /home/el-jid/Bureau/project_1/Data_path_test_behav.wcfg
source Data_path_test.tcl
current_wave_config {Data_path_test_behav.wcfg}
add_wave {{/Data_path_test/CLK_test}} 
current_wave_config {Data_path_test_behav.wcfg}
add_wave {{/Data_path_test/uut/Data_Memory_unit}} 
save_wave_config {/home/el-jid/Bureau/project_1/Data_path_test_behav.wcfg}
close_sim
launch_simulation
open_wave_config /home/el-jid/Bureau/project_1/Data_path_test_behav.wcfg
source Data_path_test.tcl
current_wave_config {Data_path_test_behav.wcfg}
add_wave {{/Data_path_test/uut/INS_MEM}} 
current_wave_config {Data_path_test_behav.wcfg}
add_wave {{/Data_path_test/uut/INS_MEM/Mem}} 
close_sim
launch_simulation
open_wave_config /home/el-jid/Bureau/project_1/Data_path_test_behav.wcfg
source Data_path_test.tcl
close_sim
current_sim simulation_3
close_sim
close_sim
